$AMVTG,188.0,T,,M,0.02,N,0.04,K*7C
$AMGLL,5310.8088,N,525.7071,E,120657,A*3A
$AMRMC,120657,A,5310.8088,N,525.7071,E,0.02,188.0,100922,,,A*5B
